// Jest Snapshot v1, https://goo.gl/fbAQLP

exports[`Test en <App /> snapshot con enzyme 1`] = `ShallowWrapper {}`;
